<?xml version="1.0" encoding="utf-8"?><testsuites><testsuite name="pytest" errors="0" failures="1" skipped="0" tests="7" time="0.736" timestamp="2024-04-15T11:24:22.182167" hostname="ds01"><testcase classname="tests.test_fastapi" name="test_read_root" time="0.009" /><testcase classname="tests.test_fastapi" name="test_read_item" time="0.003" /><testcase classname="tests.test_graphdb_persistence_service" name="test_is_connected" time="0.000" /><testcase classname="tests.test_graphdb_persistence_service" name="test_graph_query" time="0.003" /><testcase classname="tests.test_graphdb_persistence_service" name="test_graph_update" time="0.003"><failure message="assert 'Unauthorized (HTTP status 401)\n' == True&#10; +  where 'Unauthorized (HTTP status 401)\n' = &lt;bound method GraphDBPersistenceService.graph_update of &lt;semantic_knowledge_graph.GraphDBPersistenceService.GraphDBPersistenceService object at 0x7fcad182acf0&gt;&gt;(&quot;INSERT DATA { &lt;http://example/book1&gt; &lt;http://example.org/pred1&gt; 'value1' }&quot;)&#10; +    where &lt;bound method GraphDBPersistenceService.graph_update of &lt;semantic_knowledge_graph.GraphDBPersistenceService.GraphDBPersistenceService object at 0x7fcad182acf0&gt;&gt; = &lt;semantic_knowledge_graph.GraphDBPersistenceService.GraphDBPersistenceService object at 0x7fcad182acf0&gt;.graph_update">def test_graph_update():
&gt;       assert kg_service.graph_update(update) == True
E       assert 'Unauthorized (HTTP status 401)\n' == True
E        +  where 'Unauthorized (HTTP status 401)\n' = &lt;bound method GraphDBPersistenceService.graph_update of &lt;semantic_knowledge_graph.GraphDBPersistenceService.GraphDBPersistenceService object at 0x7fcad182acf0&gt;&gt;("INSERT DATA { &lt;http://example/book1&gt; &lt;http://example.org/pred1&gt; 'value1' }")
E        +    where &lt;bound method GraphDBPersistenceService.graph_update of &lt;semantic_knowledge_graph.GraphDBPersistenceService.GraphDBPersistenceService object at 0x7fcad182acf0&gt;&gt; = &lt;semantic_knowledge_graph.GraphDBPersistenceService.GraphDBPersistenceService object at 0x7fcad182acf0&gt;.graph_update

tests/test_graphdb_persistence_service.py:17: AssertionError</failure></testcase><testcase classname="tests.test_hello" name="test_greet" time="0.000" /><testcase classname="tests.test_hello" name="test_check_vg_connection" time="0.181" /></testsuite></testsuites>
